Archive member included to satisfy reference by file (symbol)

f:/102021~1.10/bin/../lib/gcc/arm-none-eabi/10.3.1/thumb/v7e-m/nofp\libgcc.a(unwind-arm.o)
                              CMakeFiles/Blinke.elf.dir/Core/APP/Myfdcan.cpp.obj (__aeabi_unwind_cpp_pr0)
f:/102021~1.10/bin/../lib/gcc/arm-none-eabi/10.3.1/thumb/v7e-m/nofp\libgcc.a(libunwind.o)
                              f:/102021~1.10/bin/../lib/gcc/arm-none-eabi/10.3.1/thumb/v7e-m/nofp\libgcc.a(unwind-arm.o) (restore_core_regs)
f:/102021~1.10/bin/../lib/gcc/arm-none-eabi/10.3.1/thumb/v7e-m/nofp\libgcc.a(pr-support.o)
                              f:/102021~1.10/bin/../lib/gcc/arm-none-eabi/10.3.1/thumb/v7e-m/nofp\libgcc.a(unwind-arm.o) (__gnu_unwind_execute)
f:/102021~1.10/bin/../lib/gcc/arm-none-eabi/10.3.1/../../../../arm-none-eabi/lib/thumb/v7e-m/nofp\libg.a(lib_a-abort.o)
                              f:/102021~1.10/bin/../lib/gcc/arm-none-eabi/10.3.1/thumb/v7e-m/nofp\libgcc.a(unwind-arm.o) (abort)
f:/102021~1.10/bin/../lib/gcc/arm-none-eabi/10.3.1/../../../../arm-none-eabi/lib/thumb/v7e-m/nofp\libg.a(lib_a-errno.o)
                              CMakeFiles/Blinke.elf.dir/Core/Src/syscalls.c.obj (__errno)
f:/102021~1.10/bin/../lib/gcc/arm-none-eabi/10.3.1/../../../../arm-none-eabi/lib/thumb/v7e-m/nofp\libg.a(lib_a-exit.o)
                              f:/102021~1.10/bin/../lib/gcc/arm-none-eabi/10.3.1/../../../../arm-none-eabi/lib/thumb/v7e-m/nofp/crt0.o (exit)
f:/102021~1.10/bin/../lib/gcc/arm-none-eabi/10.3.1/../../../../arm-none-eabi/lib/thumb/v7e-m/nofp\libg.a(lib_a-impure.o)
                              f:/102021~1.10/bin/../lib/gcc/arm-none-eabi/10.3.1/../../../../arm-none-eabi/lib/thumb/v7e-m/nofp\libg.a(lib_a-exit.o) (_global_impure_ptr)
f:/102021~1.10/bin/../lib/gcc/arm-none-eabi/10.3.1/../../../../arm-none-eabi/lib/thumb/v7e-m/nofp\libg.a(lib_a-init.o)
                              f:/102021~1.10/bin/../lib/gcc/arm-none-eabi/10.3.1/../../../../arm-none-eabi/lib/thumb/v7e-m/nofp/crt0.o (__libc_init_array)
f:/102021~1.10/bin/../lib/gcc/arm-none-eabi/10.3.1/../../../../arm-none-eabi/lib/thumb/v7e-m/nofp\libg.a(lib_a-memcpy.o)
                              f:/102021~1.10/bin/../lib/gcc/arm-none-eabi/10.3.1/thumb/v7e-m/nofp\libgcc.a(unwind-arm.o) (memcpy)
f:/102021~1.10/bin/../lib/gcc/arm-none-eabi/10.3.1/../../../../arm-none-eabi/lib/thumb/v7e-m/nofp\libg.a(lib_a-memset.o)
                              f:/102021~1.10/bin/../lib/gcc/arm-none-eabi/10.3.1/../../../../arm-none-eabi/lib/thumb/v7e-m/nofp/crt0.o (memset)
f:/102021~1.10/bin/../lib/gcc/arm-none-eabi/10.3.1/../../../../arm-none-eabi/lib/thumb/v7e-m/nofp\libg.a(lib_a-signal.o)
                              f:/102021~1.10/bin/../lib/gcc/arm-none-eabi/10.3.1/../../../../arm-none-eabi/lib/thumb/v7e-m/nofp\libg.a(lib_a-abort.o) (raise)
f:/102021~1.10/bin/../lib/gcc/arm-none-eabi/10.3.1/../../../../arm-none-eabi/lib/thumb/v7e-m/nofp\libg.a(lib_a-signalr.o)
                              f:/102021~1.10/bin/../lib/gcc/arm-none-eabi/10.3.1/../../../../arm-none-eabi/lib/thumb/v7e-m/nofp\libg.a(lib_a-signal.o) (_kill_r)
f:/102021~1.10/bin/../lib/gcc/arm-none-eabi/10.3.1/../../../../arm-none-eabi/lib/thumb/v7e-m/nofp\libg.a(lib_a-strcmp.o)
                              CMakeFiles/Blinke.elf.dir/Core/APP/led.cpp.obj (strcmp)
f:/102021~1.10/bin/../lib/gcc/arm-none-eabi/10.3.1/../../../../arm-none-eabi/lib/thumb/v7e-m/nofp\libg.a(lib_a-strcpy.o)
                              CMakeFiles/Blinke.elf.dir/Core/APP/led.cpp.obj (strcpy)
f:/102021~1.10/bin/../lib/gcc/arm-none-eabi/10.3.1/../../../../arm-none-eabi/lib/thumb/v7e-m/nofp\libg.a(lib_a-__call_atexit.o)
                              f:/102021~1.10/bin/../lib/gcc/arm-none-eabi/10.3.1/../../../../arm-none-eabi/lib/thumb/v7e-m/nofp\libg.a(lib_a-exit.o) (__call_exitprocs)
f:/102021~1.10/bin/../lib/gcc/arm-none-eabi/10.3.1/../../../../arm-none-eabi/lib/thumb/v7e-m/nofp\libg.a(lib_a-atexit.o)
                              f:/102021~1.10/bin/../lib/gcc/arm-none-eabi/10.3.1/../../../../arm-none-eabi/lib/thumb/v7e-m/nofp\libg.a(lib_a-__call_atexit.o) (atexit)
f:/102021~1.10/bin/../lib/gcc/arm-none-eabi/10.3.1/../../../../arm-none-eabi/lib/thumb/v7e-m/nofp\libg.a(lib_a-fini.o)
                              f:/102021~1.10/bin/../lib/gcc/arm-none-eabi/10.3.1/../../../../arm-none-eabi/lib/thumb/v7e-m/nofp\libg.a(lib_a-__call_atexit.o) (__libc_fini_array)
f:/102021~1.10/bin/../lib/gcc/arm-none-eabi/10.3.1/../../../../arm-none-eabi/lib/thumb/v7e-m/nofp\libg.a(lib_a-lock.o)
                              f:/102021~1.10/bin/../lib/gcc/arm-none-eabi/10.3.1/../../../../arm-none-eabi/lib/thumb/v7e-m/nofp\libg.a(lib_a-__call_atexit.o) (__retarget_lock_acquire_recursive)
f:/102021~1.10/bin/../lib/gcc/arm-none-eabi/10.3.1/../../../../arm-none-eabi/lib/thumb/v7e-m/nofp\libg.a(lib_a-mallocr.o)
                              f:/102021~1.10/bin/../lib/gcc/arm-none-eabi/10.3.1/../../../../arm-none-eabi/lib/thumb/v7e-m/nofp\libg.a(lib_a-signal.o) (_malloc_r)
[...]
Memory Configuration

Name             Origin             Length             Attributes
RAM              0x20000000         0x00020000         xrw
FLASH            0x08000000         0x00080000         xr
*default*        0x00000000         0xffffffff

Linker script and memory map

LOAD f:/102021~1.10/bin/../lib/gcc/arm-none-eabi/10.3.1/thumb/v7e-m/nofp/crti.o
LOAD f:/102021~1.10/bin/../lib/gcc/arm-none-eabi/10.3.1/thumb/v7e-m/nofp/crtbegin.o
LOAD f:/102021~1.10/bin/../lib/gcc/arm-none-eabi/10.3.1/../../../../arm-none-eabi/lib/thumb/v7e-m/nofp/crt0.o
LOAD CMakeFiles/Blinke.elf.dir/Core/APP/Myfdcan.cpp.obj
LOAD CMakeFiles/Blinke.elf.dir/Core/APP/Mymain.cpp.obj
LOAD CMakeFiles/Blinke.elf.dir/Core/APP/led.cpp.obj
LOAD CMakeFiles/Blinke.elf.dir/Core/Src/fdcan.c.obj
LOAD CMakeFiles/Blinke.elf.dir/Core/Src/gpio.c.obj
LOAD CMakeFiles/Blinke.elf.dir/Core/Src/main.c.obj
LOAD CMakeFiles/Blinke.elf.dir/Core/Src/stm32g4xx_hal_msp.c.obj
LOAD CMakeFiles/Blinke.elf.dir/Core/Src/stm32g4xx_it.c.obj
LOAD CMakeFiles/Blinke.elf.dir/Core/Src/syscalls.c.obj
LOAD CMakeFiles/Blinke.elf.dir/Core/Src/sysmem.c.obj
LOAD CMakeFiles/Blinke.elf.dir/Core/Src/system_stm32g4xx.c.obj
LOAD CMakeFiles/Blinke.elf.dir/Core/Startup/startup_stm32g474vetx.s.obj
LOAD CMakeFiles/Blinke.elf.dir/Drivers/STM32G4xx_HAL_Driver/Src/stm32g4xx_hal.c.obj
LOAD CMakeFiles/Blinke.elf.dir/Drivers/STM32G4xx_HAL_Driver/Src/stm32g4xx_hal_cortex.c.obj
LOAD CMakeFiles/Blinke.elf.dir/Drivers/STM32G4xx_HAL_Driver/Src/stm32g4xx_hal_dma.c.obj
LOAD CMakeFiles/Blinke.elf.dir/Drivers/STM32G4xx_HAL_Driver/Src/stm32g4xx_hal_dma_ex.c.obj
LOAD CMakeFiles/Blinke.elf.dir/Drivers/STM32G4xx_HAL_Driver/Src/stm32g4xx_hal_exti.c.obj
LOAD CMakeFiles/Blinke.elf.dir/Drivers/STM32G4xx_HAL_Driver/Src/stm32g4xx_hal_fdcan.c.obj
LOAD CMakeFiles/Blinke.elf.dir/Drivers/STM32G4xx_HAL_Driver/Src/stm32g4xx_hal_flash.c.obj
LOAD CMakeFiles/Blinke.elf.dir/Drivers/STM32G4xx_HAL_Driver/Src/stm32g4xx_hal_flash_ex.c.obj
LOAD CMakeFiles/Blinke.elf.dir/Drivers/STM32G4xx_HAL_Driver/Src/stm32g4xx_hal_flash_ramfunc.c.obj
LOAD CMakeFiles/Blinke.elf.dir/Drivers/STM32G4xx_HAL_Driver/Src/stm32g4xx_hal_gpio.c.obj
LOAD CMakeFiles/Blinke.elf.dir/Drivers/STM32G4xx_HAL_Driver/Src/stm32g4xx_hal_pwr.c.obj
LOAD CMakeFiles/Blinke.elf.dir/Drivers/STM32G4xx_HAL_Driver/Src/stm32g4xx_hal_pwr_ex.c.obj
LOAD CMakeFiles/Blinke.elf.dir/Drivers/STM32G4xx_HAL_Driver/Src/stm32g4xx_hal_rcc.c.obj
LOAD CMakeFiles/Blinke.elf.dir/Drivers/STM32G4xx_HAL_Driver/Src/stm32g4xx_hal_rcc_ex.c.obj
LOAD CMakeFiles/Blinke.elf.dir/Drivers/STM32G4xx_HAL_Driver/Src/stm32g4xx_hal_tim.c.obj
LOAD CMakeFiles/Blinke.elf.dir/Drivers/STM32G4xx_HAL_Driver/Src/stm32g4xx_hal_tim_ex.c.obj
LOAD f:/102021~1.10/bin/../lib/gcc/arm-none-eabi/10.3.1/../../../../arm-none-eabi/lib/thumb/v7e-m/nofp\libstdc++.a
LOAD f:/102021~1.10/bin/../lib/gcc/arm-none-eabi/10.3.1/../../../../arm-none-eabi/lib/thumb/v7e-m/nofp\libm.a
START GROUP
LOAD f:/102021~1.10/bin/../lib/gcc/arm-none-eabi/10.3.1/thumb/v7e-m/nofp\libgcc.a
LOAD f:/102021~1.10/bin/../lib/gcc/arm-none-eabi/10.3.1/../../../../arm-none-eabi/lib/thumb/v7e-m/nofp\libg.a
LOAD f:/102021~1.10/bin/../lib/gcc/arm-none-eabi/10.3.1/../../../../arm-none-eabi/lib/thumb/v7e-m/nofp\libc.a
END GROUP
LOAD f:/102021~1.10/bin/../lib/gcc/arm-none-eabi/10.3.1/thumb/v7e-m/nofp/crtend.o
LOAD f:/102021~1.10/bin/../lib/gcc/arm-none-eabi/10.3.1/thumb/v7e-m/nofp/crtn.o
                0x20020000                _estack = (ORIGIN (RAM) + LENGTH (RAM))
                0x00000200                _Min_Heap_Size = 0x200
                0x00000400                _Min_Stack_Size = 0x400

.isr_vector     0x08000000      0x1d8
                0x08000000                . = ALIGN (0x4)
 *(.isr_vector)
 .isr_vector    0x08000000      0x1d8 CMakeFiles/Blinke.elf.dir/Core/Startup/startup_stm32g474vetx.s.obj
                0x08000000                g_pfnVectors
                0x080001d8                . = ALIGN (0x4)

.text           0x080001e0     0x3418
                0x080001e0                . = ALIGN (0x4)
 *(.text)
 .text          0x080001e0       0x40 f:/102021~1.10/bin/../lib/gcc/arm-none-eabi/10.3.1/thumb/v7e-m/nofp/crtbegin.o
 .text          0x08000220      0x9d8 f:/102021~1.10/bin/../lib/gcc/arm-none-eabi/10.3.1/thumb/v7e-m/nofp\libgcc.a(unwind-arm.o)
                0x080004c8                _Unwind_GetCFA
                0x080004cc                __gnu_Unwind_RaiseException
                0x08000534                __gnu_Unwind_ForcedUnwind
                0x08000544                __gnu_Unwind_Resume
                0x08000588                __gnu_Unwind_Resume_or_Rethrow
                0x08000598                _Unwind_Complete
                0x0800059c                _Unwind_DeleteException
                0x080005a8                _Unwind_VRS_Get
                0x080005f4                _Unwind_VRS_Set
                0x0800063c                __gnu_Unwind_Backtrace
                0x08000968                __aeabi_unwind_cpp_pr0
                0x0800096c                __aeabi_unwind_cpp_pr1
                0x08000970                __aeabi_unwind_cpp_pr2
                0x08000974                _Unwind_VRS_Pop
 .text          0x08000bf8      0x1ac f:/102021~1.10/bin/../lib/gcc/arm-none-eabi/10.3.1/thumb/v7e-m/nofp\libgcc.a(libunwind.o)
                0x08000bf8                __restore_core_regs
                0x08000bf8                restore_core_regs
                0x08000c10                __gnu_Unwind_Restore_VFP
                0x08000c18                __gnu_Unwind_Save_VFP
                0x08000c20                __gnu_Unwind_Restore_VFP_D
                0x08000c28                __gnu_Unwind_Save_VFP_D
                0x08000c30                __gnu_Unwind_Restore_VFP_D_16_to_31
                0x08000c38                __gnu_Unwind_Save_VFP_D_16_to_31
                0x08000c40                __gnu_Unwind_Restore_WMMXD
                0x08000c84                __gnu_Unwind_Save_WMMXD
                0x08000cc8                __gnu_Unwind_Restore_WMMXC
                0x08000cdc                __gnu_Unwind_Save_WMMXC
                0x08000cf0                ___Unwind_RaiseException
                0x08000cf0                _Unwind_RaiseException
                0x08000d14                _Unwind_Resume
                0x08000d14                ___Unwind_Resume
                0x08000d38                _Unwind_Resume_or_Rethrow
                0x08000d38                ___Unwind_Resume_or_Rethrow
                0x08000d5c                _Unwind_ForcedUnwind
                0x08000d5c                ___Unwind_ForcedUnwind
                0x08000d80                ___Unwind_Backtrace
                0x08000d80                _Unwind_Backtrace
 .text          0x08000da4      0x350 f:/102021~1.10/bin/../lib/gcc/arm-none-eabi/10.3.1/thumb/v7e-m/nofp\libgcc.a(pr-support.o)
                0x08000dfc                __gnu_unwind_execute
                0x080010a8                __gnu_unwind_frame
                0x080010d4                _Unwind_GetRegionStart
                0x080010e0                _Unwind_GetLanguageSpecificData
 .text          0x080010f4      0x134 f:/102021~1.10/bin/../lib/gcc/arm-none-eabi/10.3.1/../../../../arm-none-eabi/lib/thumb/v7e-m/nofp\libg.a(lib_a-memcpy.o)
                0x080010f4                memcpy
 *fill*         0x08001228       0x18 
 .text          0x08001240      0x2dc f:/102021~1.10/bin/../lib/gcc/arm-none-eabi/10.3.1/../../../../arm-none-eabi/lib/thumb/v7e-m/nofp\libg.a(lib_a-strcmp.o)
                0x08001248                strcmp
 *(.text*)
 .text._ZN7MyfdcanC2EP19FDCAN_HandleTypeDef
                0x0800151c        0x4 CMakeFiles/Blinke.elf.dir/Core/APP/Myfdcan.cpp.obj
                0x0800151c                Myfdcan::Myfdcan(FDCAN_HandleTypeDef*)
                0x0800151c                Myfdcan::Myfdcan(FDCAN_HandleTypeDef*)
 .text._ZN7Myfdcan21CanFilter_Normal_InitEmm
                0x08001520       0x24 CMakeFiles/Blinke.elf.dir/Core/APP/Myfdcan.cpp.obj
                0x08001520                Myfdcan::CanFilter_Normal_Init(unsigned long, unsigned long)
 .text._ZN7Myfdcan9Can_StartEv
                0x08001544       0x18 CMakeFiles/Blinke.elf.dir/Core/APP/Myfdcan.cpp.obj
                0x08001544                Myfdcan::Can_Start()
 .text._ZN7Myfdcan15Can_SendMessageEPhmm
                0x0800155c       0x2c CMakeFiles/Blinke.elf.dir/Core/APP/Myfdcan.cpp.obj
                0x0800155c                Myfdcan::Can_SendMessage(unsigned char*, unsigned long, unsigned long)
 .text._Z41__static_initialization_and_destruction_0ii
                0x08001588       0x64 CMakeFiles/Blinke.elf.dir/Core/APP/Mymain.cpp.obj
 .text.Mymain   0x080015ec       0x94 CMakeFiles/Blinke.elf.dir/Core/APP/Mymain.cpp.obj
                0x080015ec                Mymain
 .text._GLOBAL__sub_I_LED1
                0x08001680        0xe CMakeFiles/Blinke.elf.dir/Core/APP/Mymain.cpp.obj
 .text._ZN3ledC2EPKc
                0x0800168e       0x14 CMakeFiles/Blinke.elf.dir/Core/APP/led.cpp.obj
                0x0800168e                led::led(char const*)
                0x0800168e                led::led(char const*)
 *fill*         0x080016a2        0x2 
 .text._ZN3led9LED_FlashEv
                0x080016a4       0x74 CMakeFiles/Blinke.elf.dir/Core/APP/led.cpp.obj
                0x080016a4                led::LED_Flash()
 .text.MX_FDCAN1_Init
                0x08001718       0x50 CMakeFiles/Blinke.elf.dir/Core/Src/fdcan.c.obj
                0x08001718                MX_FDCAN1_Init
 .text.MX_FDCAN2_Init
                0x08001768       0x50 CMakeFiles/Blinke.elf.dir/Core/Src/fdcan.c.obj
                0x08001768                MX_FDCAN2_Init
 .text.MX_FDCAN3_Init
                0x080017b8       0x50 CMakeFiles/Blinke.elf.dir/Core/Src/fdcan.c.obj
                0x080017b8                MX_FDCAN3_Init
 .text.HAL_FDCAN_MspInit
                0x08001808      0x1fc CMakeFiles/Blinke.elf.dir/Core/Src/fdcan.c.obj
                0x08001808                HAL_FDCAN_MspInit
 .text.MX_GPIO_Init
                0x08001a04       0x9c CMakeFiles/Blinke.elf.dir/Core/Src/gpio.c.obj
                0x08001a04                MX_GPIO_Init
 .text.Error_Handler
                0x08001aa0        0x4 CMakeFiles/Blinke.elf.dir/Core/Src/main.c.obj
                0x08001aa0                Error_Handler
 .text.SystemClock_Config
                0x08001aa4       0x6e CMakeFiles/Blinke.elf.dir/Core/Src/main.c.obj
                0x08001aa4                SystemClock_Config
 .text.main     0x08001b12       0x20 CMakeFiles/Blinke.elf.dir/Core/Src/main.c.obj
                0x08001b12                main
 *fill*         0x08001b32        0x2 
 .text.HAL_MspInit
                0x08001b34       0x38 CMakeFiles/Blinke.elf.dir/Core/Src/stm32g4xx_hal_msp.c.obj
                0x08001b34                HAL_MspInit
 .text.NMI_Handler
                0x08001b6c        0x2 CMakeFiles/Blinke.elf.dir/Core/Src/stm32g4xx_it.c.obj
                0x08001b6c                NMI_Handler
 .text.HardFault_Handler
                0x08001b6e        0x2 CMakeFiles/Blinke.elf.dir/Core/Src/stm32g4xx_it.c.obj
                0x08001b6e                HardFault_Handler
 .text.MemManage_Handler
                0x08001b70        0x2 CMakeFiles/Blinke.elf.dir/Core/Src/stm32g4xx_it.c.obj
                0x08001b70                MemManage_Handler
 .text.BusFault_Handler
                0x08001b72        0x2 CMakeFiles/Blinke.elf.dir/Core/Src/stm32g4xx_it.c.obj
                0x08001b72                BusFault_Handler
 .text.UsageFault_Handler
                0x08001b74        0x2 CMakeFiles/Blinke.elf.dir/Core/Src/stm32g4xx_it.c.obj
                0x08001b74                UsageFault_Handler
 .text.SVC_Handler
                0x08001b76        0x2 CMakeFiles/Blinke.elf.dir/Core/Src/stm32g4xx_it.c.obj
                0x08001b76                SVC_Handler
 .text.DebugMon_Handler
                0x08001b78        0x2 CMakeFiles/Blinke.elf.dir/Core/Src/stm32g4xx_it.c.obj
                0x08001b78                DebugMon_Handler
 .text.PendSV_Handler
                0x08001b7a        0x2 CMakeFiles/Blinke.elf.dir/Core/Src/stm32g4xx_it.c.obj
                0x08001b7a                PendSV_Handler
 .text.SysTick_Handler
                0x08001b7c        0x8 CMakeFiles/Blinke.elf.dir/Core/Src/stm32g4xx_it.c.obj
                0x08001b7c                SysTick_Handler
 .text.FDCAN1_IT0_IRQHandler
                0x08001b84       0x10 CMakeFiles/Blinke.elf.dir/Core/Src/stm32g4xx_it.c.obj
                0x08001b84                FDCAN1_IT0_IRQHandler
 .text.FDCAN1_IT1_IRQHandler
                0x08001b94       0x10 CMakeFiles/Blinke.elf.dir/Core/Src/stm32g4xx_it.c.obj
                0x08001b94                FDCAN1_IT1_IRQHandler
 .text.FDCAN2_IT0_IRQHandler
                0x08001ba4       0x10 CMakeFiles/Blinke.elf.dir/Core/Src/stm32g4xx_it.c.obj
                0x08001ba4                FDCAN2_IT0_IRQHandler
 .text.FDCAN2_IT1_IRQHandler
                0x08001bb4       0x10 CMakeFiles/Blinke.elf.dir/Core/Src/stm32g4xx_it.c.obj
                0x08001bb4                FDCAN2_IT1_IRQHandler
 .text.FDCAN3_IT0_IRQHandler
                0x08001bc4       0x10 CMakeFiles/Blinke.elf.dir/Core/Src/stm32g4xx_it.c.obj
                0x08001bc4                FDCAN3_IT0_IRQHandler
 .text.FDCAN3_IT1_IRQHandler
                0x08001bd4       0x10 CMakeFiles/Blinke.elf.dir/Core/Src/stm32g4xx_it.c.obj
                0x08001bd4                FDCAN3_IT1_IRQHandler
 .text._getpid  0x08001be4        0x4 CMakeFiles/Blinke.elf.dir/Core/Src/syscalls.c.obj
                0x08001be4                _getpid
 .text._kill    0x08001be8       0x10 CMakeFiles/Blinke.elf.dir/Core/Src/syscalls.c.obj
                0x08001be8                _kill
 .text._exit    0x08001bf8        0xc CMakeFiles/Blinke.elf.dir/Core/Src/syscalls.c.obj
                0x08001bf8                _exit
 .text.SystemInit
                0x08001c04        0x2 CMakeFiles/Blinke.elf.dir/Core/Src/system_stm32g4xx.c.obj
                0x08001c04                SystemInit
 *fill*         0x08001c06        0x2 
 .text.Reset_Handler
                0x08001c08       0x50 CMakeFiles/Blinke.elf.dir/Core/Startup/startup_stm32g474vetx.s.obj
                0x08001c08                Reset_Handler
 .text.Default_Handler
                0x08001c58        0x2 CMakeFiles/Blinke.elf.dir/Core/Startup/startup_stm32g474vetx.s.obj
                0x08001c58                RTC_Alarm_IRQHandler
                0x08001c58                EXTI2_IRQHandler
                0x08001c58                TIM8_TRG_COM_IRQHandler
                0x08001c58                TIM8_CC_IRQHandler
                0x08001c58                HRTIM1_Master_IRQHandler
                0x08001c58                SPI4_IRQHandler
                0x08001c58                TIM1_CC_IRQHandler
                0x08001c58                HRTIM1_FLT_IRQHandler
                0x08001c58                HRTIM1_TIMF_IRQHandler
                0x08001c58                USB_HP_IRQHandler
                0x08001c58                CORDIC_IRQHandler
                0x08001c58                HRTIM1_TIMD_IRQHandler
                0x08001c58                DMA2_Channel8_IRQHandler
                0x08001c58                EXTI3_IRQHandler
                0x08001c58                I2C3_ER_IRQHandler
                0x08001c58                EXTI0_IRQHandler
                0x08001c58                I2C2_EV_IRQHandler
                0x08001c58                FPU_IRQHandler
                0x08001c58                TIM1_UP_TIM16_IRQHandler
                0x08001c58                ADC1_2_IRQHandler
                0x08001c58                HRTIM1_TIME_IRQHandler
                0x08001c58                SPI1_IRQHandler
                0x08001c58                TIM6_DAC_IRQHandler
                0x08001c58                HRTIM1_TIMC_IRQHandler
                0x08001c58                TIM8_UP_IRQHandler
                0x08001c58                DMA2_Channel2_IRQHandler
                0x08001c58                DMA1_Channel4_IRQHandler
                0x08001c58                TIM20_TRG_COM_IRQHandler
                0x08001c58                USART3_IRQHandler
                0x08001c58                DMA1_Channel7_IRQHandler
                0x08001c58                UART5_IRQHandler
                0x08001c58                ADC3_IRQHandler
                0x08001c58                TIM4_IRQHandler
                0x08001c58                DMA2_Channel1_IRQHandler
                0x08001c58                QUADSPI_IRQHandler
                0x08001c58                I2C1_EV_IRQHandler
                0x08001c58                DMA1_Channel6_IRQHandler
                0x08001c58                UART4_IRQHandler
                0x08001c58                DMA2_Channel4_IRQHandler
                0x08001c58                TIM3_IRQHandler
                0x08001c58                RCC_IRQHandler
                0x08001c58                TIM20_UP_IRQHandler
                0x08001c58                DMA1_Channel1_IRQHandler
                0x08001c58                Default_Handler
                0x08001c58                DMA2_Channel7_IRQHandler
                0x08001c58                RTC_TAMP_LSECSS_IRQHandler
                0x08001c58                FMAC_IRQHandler
                0x08001c58                EXTI15_10_IRQHandler
                0x08001c58                DMA1_Channel8_IRQHandler
                0x08001c58                HRTIM1_TIMA_IRQHandler
                0x08001c58                TIM7_DAC_IRQHandler
                0x08001c58                TIM5_IRQHandler
                0x08001c58                UCPD1_IRQHandler
                0x08001c58                I2C3_EV_IRQHandler
                0x08001c58                EXTI9_5_IRQHandler
                0x08001c58                RTC_WKUP_IRQHandler
                0x08001c58                PVD_PVM_IRQHandler
                0x08001c58                SPI2_IRQHandler
                0x08001c58                ADC5_IRQHandler
                0x08001c58                DMA2_Channel5_IRQHandler
                0x08001c58                CRS_IRQHandler
                0x08001c58                DMA1_Channel5_IRQHandler
                0x08001c58                USB_LP_IRQHandler
                0x08001c58                EXTI4_IRQHandler
                0x08001c58                RNG_IRQHandler
                0x08001c58                HRTIM1_TIMB_IRQHandler
                0x08001c58                TIM1_TRG_COM_TIM17_IRQHandler
                0x08001c58                DMA1_Channel3_IRQHandler
                0x08001c58                ADC4_IRQHandler
                0x08001c58                WWDG_IRQHandler
                0x08001c58                I2C4_EV_IRQHandler
                0x08001c58                LPUART1_IRQHandler
                0x08001c58                DMA2_Channel6_IRQHandler
                0x08001c58                TIM2_IRQHandler
                0x08001c58                COMP7_IRQHandler
                0x08001c58                COMP1_2_3_IRQHandler
                0x08001c58                EXTI1_IRQHandler
                0x08001c58                USART2_IRQHandler
                0x08001c58                COMP4_5_6_IRQHandler
                0x08001c58                TIM20_BRK_IRQHandler
                0x08001c58                I2C2_ER_IRQHandler
                0x08001c58                DMA1_Channel2_IRQHandler
                0x08001c58                TIM8_BRK_IRQHandler
                0x08001c58                FLASH_IRQHandler
                0x08001c58                TIM20_CC_IRQHandler
                0x08001c58                USART1_IRQHandler
                0x08001c58                SPI3_IRQHandler
                0x08001c58                I2C1_ER_IRQHandler
                0x08001c58                FMC_IRQHandler
                0x08001c58                LPTIM1_IRQHandler
                0x08001c58                DMAMUX_OVR_IRQHandler
                0x08001c58                I2C4_ER_IRQHandler
                0x08001c58                USBWakeUp_IRQHandler
                0x08001c58                SAI1_IRQHandler
                0x08001c58                DMA2_Channel3_IRQHandler
                0x08001c58                TIM1_BRK_TIM15_IRQHandler
 *fill*         0x08001c5a        0x2 
 .text.HAL_InitTick
                0x08001c5c       0x50 CMakeFiles/Blinke.elf.dir/Drivers/STM32G4xx_HAL_Driver/Src/stm32g4xx_hal.c.obj
                0x08001c5c                HAL_InitTick
 .text.HAL_Init
                0x08001cac       0x1e CMakeFiles/Blinke.elf.dir/Drivers/STM32G4xx_HAL_Driver/Src/stm32g4xx_hal.c.obj
                0x08001cac                HAL_Init
 *fill*         0x08001cca        0x2 
 .text.HAL_IncTick
                0x08001ccc       0x18 CMakeFiles/Blinke.elf.dir/Drivers/STM32G4xx_HAL_Driver/Src/stm32g4xx_hal.c.obj
                0x08001ccc                HAL_IncTick
 .text.HAL_GetTick
                0x08001ce4        0xc CMakeFiles/Blinke.elf.dir/Drivers/STM32G4xx_HAL_Driver/Src/stm32g4xx_hal.c.obj
                0x08001ce4                HAL_GetTick
 .text.HAL_Delay
                0x08001cf0       0x28 CMakeFiles/Blinke.elf.dir/Drivers/STM32G4xx_HAL_Driver/Src/stm32g4xx_hal.c.obj
                0x08001cf0                HAL_Delay
 .text.HAL_NVIC_SetPriorityGrouping
                0x08001d18       0x24 CMakeFiles/Blinke.elf.dir/Drivers/STM32G4xx_HAL_Driver/Src/stm32g4xx_hal_cortex.c.obj
                0x08001d18                HAL_NVIC_SetPriorityGrouping
 .text.HAL_NVIC_SetPriority
                0x08001d3c       0x70 CMakeFiles/Blinke.elf.dir/Drivers/STM32G4xx_HAL_Driver/Src/stm32g4xx_hal_cortex.c.obj
                0x08001d3c                HAL_NVIC_SetPriority
 .text.HAL_NVIC_EnableIRQ
                0x08001dac       0x1c CMakeFiles/Blinke.elf.dir/Drivers/STM32G4xx_HAL_Driver/Src/stm32g4xx_hal_cortex.c.obj
                0x08001dac                HAL_NVIC_EnableIRQ
 .text.HAL_SYSTICK_Config
                0x08001dc8       0x28 CMakeFiles/Blinke.elf.dir/Drivers/STM32G4xx_HAL_Driver/Src/stm32g4xx_hal_cortex.c.obj
                0x08001dc8                HAL_SYSTICK_Config
 .text.FDCAN_CalcultateRamBlockAddresses
                0x08001df0       0x88 CMakeFiles/Blinke.elf.dir/Drivers/STM32G4xx_HAL_Driver/Src/stm32g4xx_hal_fdcan.c.obj
 .text.FDCAN_CopyMessageToRAM
                0x08001e78       0x84 CMakeFiles/Blinke.elf.dir/Drivers/STM32G4xx_HAL_Driver/Src/stm32g4xx_hal_fdcan.c.obj
 .text.HAL_FDCAN_Init
                0x08001efc      0x1d4 CMakeFiles/Blinke.elf.dir/Drivers/STM32G4xx_HAL_Driver/Src/stm32g4xx_hal_fdcan.c.obj
                0x08001efc                HAL_FDCAN_Init
 .text.HAL_FDCAN_ConfigFilter
                0x080020d0       0x60 CMakeFiles/Blinke.elf.dir/Drivers/STM32G4xx_HAL_Driver/Src/stm32g4xx_hal_fdcan.c.obj
                0x080020d0                HAL_FDCAN_ConfigFilter
 .text.HAL_FDCAN_Start
                0x08002130       0x2e CMakeFiles/Blinke.elf.dir/Drivers/STM32G4xx_HAL_Driver/Src/stm32g4xx_hal_fdcan.c.obj
                0x08002130                HAL_FDCAN_Start
 .text.HAL_FDCAN_AddMessageToTxFifoQ
                0x0800215e       0x52 CMakeFiles/Blinke.elf.dir/Drivers/STM32G4xx_HAL_Driver/Src/stm32g4xx_hal_fdcan.c.obj
                0x0800215e                HAL_FDCAN_AddMessageToTxFifoQ
 .text.HAL_FDCAN_ActivateNotification
                0x080021b0      0x106 CMakeFiles/Blinke.elf.dir/Drivers/STM32G4xx_HAL_Driver/Src/stm32g4xx_hal_fdcan.c.obj
                0x080021b0                HAL_FDCAN_ActivateNotification
 .text.HAL_FDCAN_TxEventFifoCallback
                0x080022b6        0x2 CMakeFiles/Blinke.elf.dir/Drivers/STM32G4xx_HAL_Driver/Src/stm32g4xx_hal_fdcan.c.obj
                0x080022b6                HAL_FDCAN_TxEventFifoCallback
 .text.HAL_FDCAN_RxFifo0Callback
                0x080022b8        0x2 CMakeFiles/Blinke.elf.dir/Drivers/STM32G4xx_HAL_Driver/Src/stm32g4xx_hal_fdcan.c.obj
                0x080022b8                HAL_FDCAN_RxFifo0Callback
 .text.HAL_FDCAN_RxFifo1Callback
                0x080022ba        0x2 CMakeFiles/Blinke.elf.dir/Drivers/STM32G4xx_HAL_Driver/Src/stm32g4xx_hal_fdcan.c.obj
                0x080022ba                HAL_FDCAN_RxFifo1Callback
 .text.HAL_FDCAN_TxFifoEmptyCallback
                0x080022bc        0x2 CMakeFiles/Blinke.elf.dir/Drivers/STM32G4xx_HAL_Driver/Src/stm32g4xx_hal_fdcan.c.obj
                0x080022bc                HAL_FDCAN_TxFifoEmptyCallback
 .text.HAL_FDCAN_TxBufferCompleteCallback
                0x080022be        0x2 CMakeFiles/Blinke.elf.dir/Drivers/STM32G4xx_HAL_Driver/Src/stm32g4xx_hal_fdcan.c.obj
                0x080022be                HAL_FDCAN_TxBufferCompleteCallback
 .text.HAL_FDCAN_TxBufferAbortCallback
                0x080022c0        0x2 CMakeFiles/Blinke.elf.dir/Drivers/STM32G4xx_HAL_Driver/Src/stm32g4xx_hal_fdcan.c.obj
                0x080022c0                HAL_FDCAN_TxBufferAbortCallback
 .text.HAL_FDCAN_TimestampWraparoundCallback
                0x080022c2        0x2 CMakeFiles/Blinke.elf.dir/Drivers/STM32G4xx_HAL_Driver/Src/stm32g4xx_hal_fdcan.c.obj
                0x080022c2                HAL_FDCAN_TimestampWraparoundCallback
 .text.HAL_FDCAN_TimeoutOccurredCallback
                0x080022c4        0x2 CMakeFiles/Blinke.elf.dir/Drivers/STM32G4xx_HAL_Driver/Src/stm32g4xx_hal_fdcan.c.obj
                0x080022c4                HAL_FDCAN_TimeoutOccurredCallback
 .text.HAL_FDCAN_HighPriorityMessageCallback
                0x080022c6        0x2 CMakeFiles/Blinke.elf.dir/Drivers/STM32G4xx_HAL_Driver/Src/stm32g4xx_hal_fdcan.c.obj
                0x080022c6                HAL_FDCAN_HighPriorityMessageCallback
 .text.HAL_FDCAN_ErrorCallback
                0x080022c8        0x2 CMakeFiles/Blinke.elf.dir/Drivers/STM32G4xx_HAL_Driver/Src/stm32g4xx_hal_fdcan.c.obj
                0x080022c8                HAL_FDCAN_ErrorCallback
 .text.HAL_FDCAN_ErrorStatusCallback
                0x080022ca        0x2 CMakeFiles/Blinke.elf.dir/Drivers/STM32G4xx_HAL_Driver/Src/stm32g4xx_hal_fdcan.c.obj
                0x080022ca                HAL_FDCAN_ErrorStatusCallback
 .text.HAL_FDCAN_IRQHandler
                0x080022cc      0x198 CMakeFiles/Blinke.elf.dir/Drivers/STM32G4xx_HAL_Driver/Src/stm32g4xx_hal_fdcan.c.obj
                0x080022cc                HAL_FDCAN_IRQHandler
 .text.HAL_GPIO_Init
                0x08002464      0x1dc CMakeFiles/Blinke.elf.dir/Drivers/STM32G4xx_HAL_Driver/Src/stm32g4xx_hal_gpio.c.obj
                0x08002464                HAL_GPIO_Init
 .text.HAL_GPIO_WritePin
                0x08002640        0xa CMakeFiles/Blinke.elf.dir/Drivers/STM32G4xx_HAL_Driver/Src/stm32g4xx_hal_gpio.c.obj
                0x08002640                HAL_GPIO_WritePin
 .text.HAL_GPIO_TogglePin
                0x0800264a       0x12 CMakeFiles/Blinke.elf.dir/Drivers/STM32G4xx_HAL_Driver/Src/stm32g4xx_hal_gpio.c.obj
                0x0800264a                HAL_GPIO_TogglePin
 .text.HAL_PWREx_ControlVoltageScaling
                0x0800265c      0x10c CMakeFiles/Blinke.elf.dir/Drivers/STM32G4xx_HAL_Driver/Src/stm32g4xx_hal_pwr_ex.c.obj
                0x0800265c                HAL_PWREx_ControlVoltageScaling
 .text.HAL_PWREx_DisableUCPDDeadBattery
                0x08002768       0x10 CMakeFiles/Blinke.elf.dir/Drivers/STM32G4xx_HAL_Driver/Src/stm32g4xx_hal_pwr_ex.c.obj
                0x08002768                HAL_PWREx_DisableUCPDDeadBattery
 .text.RCC_GetSysClockFreqFromPLLSource
                0x08002778       0x58 CMakeFiles/Blinke.elf.dir/Drivers/STM32G4xx_HAL_Driver/Src/stm32g4xx_hal_rcc.c.obj
 .text.HAL_RCC_OscConfig
                0x080027d0      0x4e8 CMakeFiles/Blinke.elf.dir/Drivers/STM32G4xx_HAL_Driver/Src/stm32g4xx_hal_rcc.c.obj
                0x080027d0                HAL_RCC_OscConfig
 .text.HAL_RCC_GetSysClockFreq
                0x08002cb8       0x88 CMakeFiles/Blinke.elf.dir/Drivers/STM32G4xx_HAL_Driver/Src/stm32g4xx_hal_rcc.c.obj
                0x08002cb8                HAL_RCC_GetSysClockFreq
 .text.HAL_RCC_ClockConfig
                0x08002d40      0x1f8 CMakeFiles/Blinke.elf.dir/Drivers/STM32G4xx_HAL_Driver/Src/stm32g4xx_hal_rcc.c.obj
                0x08002d40                HAL_RCC_ClockConfig
 .text.HAL_RCCEx_PeriphCLKConfig
                0x08002f38      0x378 CMakeFiles/Blinke.elf.dir/Drivers/STM32G4xx_HAL_Driver/Src/stm32g4xx_hal_rcc_ex.c.obj
                0x08002f38                HAL_RCCEx_PeriphCLKConfig
 .text.abort    0x080032b0       0x10 f:/102021~1.10/bin/../lib/gcc/arm-none-eabi/10.3.1/../../../../arm-none-eabi/lib/thumb/v7e-m/nofp\libg.a(lib_a-abort.o)
                0x080032b0                abort
 .text.__errno  0x080032c0        0xc f:/102021~1.10/bin/../lib/gcc/arm-none-eabi/10.3.1/../../../../arm-none-eabi/lib/thumb/v7e-m/nofp\libg.a(lib_a-errno.o)
                0x080032c0                __errno
 .text.__libc_init_array
                0x080032cc       0x48 f:/102021~1.10/bin/../lib/gcc/arm-none-eabi/10.3.1/../../../../arm-none-eabi/lib/thumb/v7e-m/nofp\libg.a(lib_a-init.o)
                0x080032cc                __libc_init_array
 .text.memset   0x08003314       0xa4 f:/102021~1.10/bin/../lib/gcc/arm-none-eabi/10.3.1/../../../../arm-none-eabi/lib/thumb/v7e-m/nofp\libg.a(lib_a-memset.o)
                0x08003314                memset
 .text.raise    0x080033b8       0x5c f:/102021~1.10/bin/../lib/gcc/arm-none-eabi/10.3.1/../../../../arm-none-eabi/lib/thumb/v7e-m/nofp\libg.a(lib_a-signal.o)
                0x080033b8                raise
 .text._kill_r  0x08003414       0x2c f:/102021~1.10/bin/../lib/gcc/arm-none-eabi/10.3.1/../../../../arm-none-eabi/lib/thumb/v7e-m/nofp\libg.a(lib_a-signalr.o)
                0x08003414                _kill_r
 .text._getpid_r
                0x08003440        0x4 f:/102021~1.10/bin/../lib/gcc/arm-none-eabi/10.3.1/../../../../arm-none-eabi/lib/thumb/v7e-m/nofp\libg.a(lib_a-signalr.o)
                0x08003440                _getpid_r
 .text.strcpy   0x08003444       0xbc f:/102021~1.10/bin/../lib/gcc/arm-none-eabi/10.3.1/../../../../arm-none-eabi/lib/thumb/v7e-m/nofp\libg.a(lib_a-strcpy.o)
                0x08003444                strcpy
 .text.startup.register_fini
                0x08003500       0x14 f:/102021~1.10/bin/../lib/gcc/arm-none-eabi/10.3.1/../../../../arm-none-eabi/lib/thumb/v7e-m/nofp\libg.a(lib_a-__call_atexit.o)
 .text.atexit   0x08003514        0xc f:/102021~1.10/bin/../lib/gcc/arm-none-eabi/10.3.1/../../../../arm-none-eabi/lib/thumb/v7e-m/nofp\libg.a(lib_a-atexit.o)
                0x08003514                atexit
 .text.__libc_fini_array
                0x08003520       0x2c f:/102021~1.10/bin/../lib/gcc/arm-none-eabi/10.3.1/../../../../arm-none-eabi/lib/thumb/v7e-m/nofp\libg.a(lib_a-fini.o)
                0x08003520                __libc_fini_array
 .text.__retarget_lock_acquire_recursive
                0x0800354c        0x4 f:/102021~1.10/bin/../lib/gcc/arm-none-eabi/10.3.1/../../../../arm-none-eabi/lib/thumb/v7e-m/nofp\libg.a(lib_a-lock.o)
                0x0800354c                __retarget_lock_acquire_recursive
 .text.__retarget_lock_release_recursive
                0x08003550        0x4 f:/102021~1.10/bin/../lib/gcc/arm-none-eabi/10.3.1/../../../../arm-none-eabi/lib/thumb/v7e-m/nofp\libg.a(lib_a-lock.o)
                0x08003550                __retarget_lock_release_recursive
 .text.__register_exitproc
                0x08003554       0x8c f:/102021~1.10/bin/../lib/gcc/arm-none-eabi/10.3.1/../../../../arm-none-eabi/lib/thumb/v7e-m/nofp\libg.a(lib_a-__atexit.o)
                0x08003554                __register_exitproc
 *(.glue_7)
 .glue_7        0x080035e0        0x0 linker stubs
 *(.glue_7t)
 .glue_7t       0x080035e0        0x0 linker stubs
 *(.eh_frame)
 .eh_frame      0x080035e0        0x0 f:/102021~1.10/bin/../lib/gcc/arm-none-eabi/10.3.1/thumb/v7e-m/nofp/crtbegin.o
 *(.init)
 .init          0x080035e0        0x4 f:/102021~1.10/bin/../lib/gcc/arm-none-eabi/10.3.1/thumb/v7e-m/nofp/crti.o
                0x080035e0                _init
 .init          0x080035e4        0x8 f:/102021~1.10/bin/../lib/gcc/arm-none-eabi/10.3.1/thumb/v7e-m/nofp/crtn.o
 *(.fini)
 .fini          0x080035ec        0x4 f:/102021~1.10/bin/../lib/gcc/arm-none-eabi/10.3.1/thumb/v7e-m/nofp/crti.o
                0x080035ec                _fini
 .fini          0x080035f0        0x8 f:/102021~1.10/bin/../lib/gcc/arm-none-eabi/10.3.1/thumb/v7e-m/nofp/crtn.o
                0x080035f8                . = ALIGN (0x4)
                0x080035f8                _etext = .

.vfp11_veneer   0x080035f8        0x0
 .vfp11_veneer  0x080035f8        0x0 linker stubs

.v4_bx          0x080035f8        0x0
 .v4_bx         0x080035f8        0x0 linker stubs

.iplt           0x080035f8        0x0
 .iplt          0x080035f8        0x0 f:/102021~1.10/bin/../lib/gcc/arm-none-eabi/10.3.1/thumb/v7e-m/nofp/crtbegin.o

.rodata         0x080035f8       0x34
                0x080035f8                . = ALIGN (0x4)
 *(.rodata)
 *(.rodata*)
 .rodata._Z41__static_initialization_and_destruction_0ii.str1.4
                0x080035f8        0xd CMakeFiles/Blinke.elf.dir/Core/APP/Mymain.cpp.obj
 .rodata._ZN3led9LED_FlashEv.str1.4
                0x08003605        0xd CMakeFiles/Blinke.elf.dir/Core/APP/led.cpp.obj
 *fill*         0x08003605        0x3 
 .rodata.AHBPrescTable
                0x08003608       0x10 CMakeFiles/Blinke.elf.dir/Core/Src/system_stm32g4xx.c.obj
                0x08003608                AHBPrescTable
 .rodata.DLCtoBytes
                0x08003618       0x10 CMakeFiles/Blinke.elf.dir/Drivers/STM32G4xx_HAL_Driver/Src/stm32g4xx_hal_fdcan.c.obj
 .rodata._global_impure_ptr
                0x08003628        0x4 f:/102021~1.10/bin/../lib/gcc/arm-none-eabi/10.3.1/../../../../arm-none-eabi/lib/thumb/v7e-m/nofp\libg.a(lib_a-impure.o)
                0x08003628                _global_impure_ptr
                0x0800362c                . = ALIGN (0x4)

.ARM.extab      0x0800362c       0x24
                0x0800362c                . = ALIGN (0x4)
 *(.ARM.extab* .gnu.linkonce.armextab.*)
 .ARM.extab.text._ZN7Myfdcan21CanFilter_Normal_InitEmm
                0x0800362c        0xc CMakeFiles/Blinke.elf.dir/Core/APP/Myfdcan.cpp.obj
 .ARM.extab     0x08003638       0x18 f:/102021~1.10/bin/../lib/gcc/arm-none-eabi/10.3.1/thumb/v7e-m/nofp\libgcc.a(pr-support.o)
                0x08003650                . = ALIGN (0x4)

.ARM            0x08003650       0xf8
                0x08003650                . = ALIGN (0x4)
                0x08003650                __exidx_start = .
 *(.ARM.exidx*)
 .ARM.exidx.text._ZN7MyfdcanC2EP19FDCAN_HandleTypeDef
                0x08003708        0x0 CMakeFiles/Blinke.elf.dir/Core/APP/Myfdcan.cpp.obj
                                  0x8 (size before relaxing)
 .ARM.exidx.text._ZN7Myfdcan21CanFilter_Normal_InitEmm
                0x08003708        0x8 CMakeFiles/Blinke.elf.dir/Core/APP/Myfdcan.cpp.obj
 .ARM.exidx.text._ZN7Myfdcan9Can_StartEv
                0x08003710        0x8 CMakeFiles/Blinke.elf.dir/Core/APP/Myfdcan.cpp.obj
 .ARM.exidx.text._ZN7Myfdcan15Can_SendMessageEPhmm
                0x08003718        0x8 CMakeFiles/Blinke.elf.dir/Core/APP/Myfdcan.cpp.obj
 .ARM.exidx.text._Z41__static_initialization_and_destruction_0ii
                0x08003720        0x8 CMakeFiles/Blinke.elf.dir/Core/APP/Mymain.cpp.obj
 .ARM.exidx.text.Mymain
                0x08003728        0x8 CMakeFiles/Blinke.elf.dir/Core/APP/Mymain.cpp.obj
 .ARM.exidx.text._GLOBAL__sub_I_LED1
                0x08003730        0x8 CMakeFiles/Blinke.elf.dir/Core/APP/Mymain.cpp.obj
 .ARM.exidx.text._ZN3ledC2EPKc
                0x08003738        0x0 CMakeFiles/Blinke.elf.dir/Core/APP/led.cpp.obj
                                  0x8 (size before relaxing)
 .ARM.exidx.text._ZN3led9LED_FlashEv
                0x08003738       0x10 CMakeFiles/Blinke.elf.dir/Core/APP/led.cpp.obj
                                  0x8 (size before relaxing)
 .ARM.exidx     0x08003650       0x80 f:/102021~1.10/bin/../lib/gcc/arm-none-eabi/10.3.1/thumb/v7e-m/nofp\libgcc.a(unwind-arm.o)
                                 0xd8 (size before relaxing)
 .ARM.exidx     0x080036d0       0x38 f:/102021~1.10/bin/../lib/gcc/arm-none-eabi/10.3.1/thumb/v7e-m/nofp\libgcc.a(pr-support.o)
                0x08003748                __exidx_end = .
                0x08003748                . = ALIGN (0x4)

.rel.dyn        0x08003748        0x0
 .rel.iplt      0x08003748        0x0 f:/102021~1.10/bin/../lib/gcc/arm-none-eabi/10.3.1/thumb/v7e-m/nofp/crtbegin.o

.preinit_array  0x08003748        0x0
                0x08003748                . = ALIGN (0x4)
                0x08003748                PROVIDE (__preinit_array_start = .)
 *(.preinit_array*)
                0x08003748                PROVIDE (__preinit_array_end = .)
                0x08003748                . = ALIGN (0x4)

.init_array     0x08003748        0xc
                0x08003748                . = ALIGN (0x4)
                0x08003748                PROVIDE (__init_array_start = .)
 *(SORT_BY_NAME(.init_array.*))
 .init_array.00000
                0x08003748        0x4 f:/102021~1.10/bin/../lib/gcc/arm-none-eabi/10.3.1/../../../../arm-none-eabi/lib/thumb/v7e-m/nofp\libg.a(lib_a-__call_atexit.o)
 *(.init_array*)
 .init_array    0x0800374c        0x4 f:/102021~1.10/bin/../lib/gcc/arm-none-eabi/10.3.1/thumb/v7e-m/nofp/crtbegin.o
 .init_array    0x08003750        0x4 CMakeFiles/Blinke.elf.dir/Core/APP/Mymain.cpp.obj
                0x08003754                PROVIDE (__init_array_end = .)
                0x08003754                . = ALIGN (0x4)

.fini_array     0x08003754        0x4
                0x08003754                . = ALIGN (0x4)
                0x08003754                PROVIDE (__fini_array_start = .)
 *(SORT_BY_NAME(.fini_array.*))
 *(.fini_array*)
 .fini_array    0x08003754        0x4 f:/102021~1.10/bin/../lib/gcc/arm-none-eabi/10.3.1/thumb/v7e-m/nofp/crtbegin.o
                0x08003758                PROVIDE (__fini_array_end = .)
                0x08003758                . = ALIGN (0x4)
                0x08003758                _sidata = LOADADDR (.data)

.data           0x20000000      0x444 load address 0x08003758
                0x20000000                . = ALIGN (0x4)
                0x20000000                _sdata = .
 *(.data)
 *(.data*)
 .data.mes      0x20000000        0x3 CMakeFiles/Blinke.elf.dir/Core/APP/Mymain.cpp.obj
                0x20000000                mes
 *fill*         0x20000003        0x1 
 .data.SystemCoreClock
                0x20000004        0x4 CMakeFiles/Blinke.elf.dir/Core/Src/system_stm32g4xx.c.obj
                0x20000004                SystemCoreClock
 .data.uwTickFreq
                0x20000008        0x4 CMakeFiles/Blinke.elf.dir/Drivers/STM32G4xx_HAL_Driver/Src/stm32g4xx_hal.c.obj
                0x20000008                uwTickFreq
 .data.uwTickPrio
                0x2000000c        0x4 CMakeFiles/Blinke.elf.dir/Drivers/STM32G4xx_HAL_Driver/Src/stm32g4xx_hal.c.obj
                0x2000000c                uwTickPrio
 .data._impure_ptr
                0x20000010        0x4 f:/102021~1.10/bin/../lib/gcc/arm-none-eabi/10.3.1/../../../../arm-none-eabi/lib/thumb/v7e-m/nofp\libg.a(lib_a-impure.o)
                0x20000010                _impure_ptr
 *fill*         0x20000014        0x4 
 .data.impure_data
                0x20000018      0x428 f:/102021~1.10/bin/../lib/gcc/arm-none-eabi/10.3.1/../../../../arm-none-eabi/lib/thumb/v7e-m/nofp\libg.a(lib_a-impure.o)
 .data.__atexit_recursive_mutex
                0x20000440        0x4 f:/102021~1.10/bin/../lib/gcc/arm-none-eabi/10.3.1/../../../../arm-none-eabi/lib/thumb/v7e-m/nofp\libg.a(lib_a-__call_atexit.o)
                0x20000440                __atexit_recursive_mutex
 *(.RamFunc)
 *(.RamFunc*)
                0x20000444                . = ALIGN (0x4)
                0x20000444                _edata = .

.igot.plt       0x20000444        0x0 load address 0x08003b9c
 .igot.plt      0x20000444        0x0 f:/102021~1.10/bin/../lib/gcc/arm-none-eabi/10.3.1/thumb/v7e-m/nofp/crtbegin.o
                0x20000444                . = ALIGN (0x4)

.bss            0x20000444      0x1c4 load address 0x08003b9c
                0x20000444                _sbss = .
                0x20000444                __bss_start__ = _sbss
 *(.bss)
 .bss           0x20000444       0x1c f:/102021~1.10/bin/../lib/gcc/arm-none-eabi/10.3.1/thumb/v7e-m/nofp/crtbegin.o
 *(.bss*)
 .bss.FDCan1    0x20000460       0x1c CMakeFiles/Blinke.elf.dir/Core/APP/Mymain.cpp.obj
                0x20000460                FDCan1
 .bss.FDCan2    0x2000047c       0x1c CMakeFiles/Blinke.elf.dir/Core/APP/Mymain.cpp.obj
                0x2000047c                FDCan2
 .bss.FDCan3    0x20000498       0x1c CMakeFiles/Blinke.elf.dir/Core/APP/Mymain.cpp.obj
                0x20000498                FDCan3
 .bss.LED1      0x200004b4        0xa CMakeFiles/Blinke.elf.dir/Core/APP/Mymain.cpp.obj
                0x200004b4                LED1
 *fill*         0x200004be        0x2 
 .bss.LED2      0x200004c0        0xa CMakeFiles/Blinke.elf.dir/Core/APP/Mymain.cpp.obj
                0x200004c0                LED2
 *fill*         0x200004ca        0x2 
 .bss.HAL_RCC_FDCAN_CLK_ENABLED
                0x200004cc        0x4 CMakeFiles/Blinke.elf.dir/Core/Src/fdcan.c.obj
 .bss.hfdcan1   0x200004d0       0x64 CMakeFiles/Blinke.elf.dir/Core/Src/fdcan.c.obj
                0x200004d0                hfdcan1
 .bss.hfdcan2   0x20000534       0x64 CMakeFiles/Blinke.elf.dir/Core/Src/fdcan.c.obj
                0x20000534                hfdcan2
 .bss.hfdcan3   0x20000598       0x64 CMakeFiles/Blinke.elf.dir/Core/Src/fdcan.c.obj
                0x20000598                hfdcan3
 .bss.uwTick    0x200005fc        0x4 CMakeFiles/Blinke.elf.dir/Drivers/STM32G4xx_HAL_Driver/Src/stm32g4xx_hal.c.obj
                0x200005fc                uwTick
 .bss.__lock___atexit_recursive_mutex
                0x20000600        0x1 f:/102021~1.10/bin/../lib/gcc/arm-none-eabi/10.3.1/../../../../arm-none-eabi/lib/thumb/v7e-m/nofp\libg.a(lib_a-lock.o)
                0x20000600                __lock___atexit_recursive_mutex
 *fill*         0x20000601        0x3 
 .bss.errno     0x20000604        0x4 f:/102021~1.10/bin/../lib/gcc/arm-none-eabi/10.3.1/../../../../arm-none-eabi/lib/thumb/v7e-m/nofp\libg.a(lib_a-reent.o)
                0x20000604                errno
 *(COMMON)
                0x20000608                . = ALIGN (0x4)
                0x20000608                _ebss = .
                0x20000608                __bss_end__ = _ebss

._user_heap_stack
                0x20000608      0x600 load address 0x08003b9c
                0x20000608                . = ALIGN (0x8)
                [!provide]                PROVIDE (end = .)
                0x20000608                PROVIDE (_end = .)
                0x20000808                . = (. + _Min_Heap_Size)
 *fill*         0x20000608      0x200 
                0x20000c08                . = (. + _Min_Stack_Size)
 *fill*         0x20000808      0x400 
                0x20000c08                . = ALIGN (0x8)

/DISCARD/
 libc.a(*)
 libm.a(*)
 libgcc.a(*)

.ARM.attributes
                0x00000000       0x2a
 *(.ARM.attributes)
 .ARM.attributes
                0x00000000       0x1e f:/102021~1.10/bin/../lib/gcc/arm-none-eabi/10.3.1/thumb/v7e-m/nofp/crti.o
 .ARM.attributes
                0x0000001e       0x2e f:/102021~1.10/bin/../lib/gcc/arm-none-eabi/10.3.1/thumb/v7e-m/nofp/crtbegin.o
 .ARM.attributes
                0x0000004c       0x2e CMakeFiles/Blinke.elf.dir/Core/APP/Myfdcan.cpp.obj
 .ARM.attributes
                0x0000007a       0x2e CMakeFiles/Blinke.elf.dir/Core/APP/Mymain.cpp.obj
 .ARM.attributes
                0x000000a8       0x2e CMakeFiles/Blinke.elf.dir/Core/APP/led.cpp.obj
 .ARM.attributes
                0x000000d6       0x2e CMakeFiles/Blinke.elf.dir/Core/Src/fdcan.c.obj
 .ARM.attributes
                0x00000104       0x2e CMakeFiles/Blinke.elf.dir/Core/Src/gpio.c.obj
 .ARM.attributes
                0x00000132       0x2e CMakeFiles/Blinke.elf.dir/Core/Src/main.c.obj
 .ARM.attributes
                0x00000160       0x2e CMakeFiles/Blinke.elf.dir/Core/Src/stm32g4xx_hal_msp.c.obj
 .ARM.attributes
                0x0000018e       0x2e CMakeFiles/Blinke.elf.dir/Core/Src/stm32g4xx_it.c.obj
 .ARM.attributes
                0x000001bc       0x2e CMakeFiles/Blinke.elf.dir/Core/Src/syscalls.c.obj
 .ARM.attributes
                0x000001ea       0x2e CMakeFiles/Blinke.elf.dir/Core/Src/system_stm32g4xx.c.obj
 .ARM.attributes
                0x00000218       0x21 CMakeFiles/Blinke.elf.dir/Core/Startup/startup_stm32g474vetx.s.obj
 .ARM.attributes
                0x00000239       0x2e CMakeFiles/Blinke.elf.dir/Drivers/STM32G4xx_HAL_Driver/Src/stm32g4xx_hal.c.obj
 .ARM.attributes
                0x00000267       0x2e CMakeFiles/Blinke.elf.dir/Drivers/STM32G4xx_HAL_Driver/Src/stm32g4xx_hal_cortex.c.obj
 .ARM.attributes
                0x00000295       0x2e CMakeFiles/Blinke.elf.dir/Drivers/STM32G4xx_HAL_Driver/Src/stm32g4xx_hal_fdcan.c.obj
 .ARM.attributes
                0x000002c3       0x2e CMakeFiles/Blinke.elf.dir/Drivers/STM32G4xx_HAL_Driver/Src/stm32g4xx_hal_gpio.c.obj
 .ARM.attributes
                0x000002f1       0x2e CMakeFiles/Blinke.elf.dir/Drivers/STM32G4xx_HAL_Driver/Src/stm32g4xx_hal_pwr_ex.c.obj
 .ARM.attributes
                0x0000031f       0x2e CMakeFiles/Blinke.elf.dir/Drivers/STM32G4xx_HAL_Driver/Src/stm32g4xx_hal_rcc.c.obj
 .ARM.attributes
                0x0000034d       0x2e CMakeFiles/Blinke.elf.dir/Drivers/STM32G4xx_HAL_Driver/Src/stm32g4xx_hal_rcc_ex.c.obj
 .ARM.attributes
                0x0000037b       0x2e f:/102021~1.10/bin/../lib/gcc/arm-none-eabi/10.3.1/thumb/v7e-m/nofp\libgcc.a(unwind-arm.o)
 .ARM.attributes
                0x000003a9       0x1e f:/102021~1.10/bin/../lib/gcc/arm-none-eabi/10.3.1/thumb/v7e-m/nofp\libgcc.a(libunwind.o)
 .ARM.attributes
                0x000003c7       0x2e f:/102021~1.10/bin/../lib/gcc/arm-none-eabi/10.3.1/thumb/v7e-m/nofp\libgcc.a(pr-support.o)
 .ARM.attributes
                0x000003f5       0x2e f:/102021~1.10/bin/../lib/gcc/arm-none-eabi/10.3.1/../../../../arm-none-eabi/lib/thumb/v7e-m/nofp\libg.a(lib_a-abort.o)
 .ARM.attributes
                0x00000423       0x2e f:/102021~1.10/bin/../lib/gcc/arm-none-eabi/10.3.1/../../../../arm-none-eabi/lib/thumb/v7e-m/nofp\libg.a(lib_a-errno.o)
 .ARM.attributes
                0x00000451       0x2e f:/102021~1.10/bin/../lib/gcc/arm-none-eabi/10.3.1/../../../../arm-none-eabi/lib/thumb/v7e-m/nofp\libg.a(lib_a-impure.o)
 .ARM.attributes
                0x0000047f       0x2e f:/102021~1.10/bin/../lib/gcc/arm-none-eabi/10.3.1/../../../../arm-none-eabi/lib/thumb/v7e-m/nofp\libg.a(lib_a-init.o)
 .ARM.attributes
                0x000004ad       0x1c f:/102021~1.10/bin/../lib/gcc/arm-none-eabi/10.3.1/../../../../arm-none-eabi/lib/thumb/v7e-m/nofp\libg.a(lib_a-memcpy.o)
 .ARM.attributes
                0x000004c9       0x2e f:/102021~1.10/bin/../lib/gcc/arm-none-eabi/10.3.1/../../../../arm-none-eabi/lib/thumb/v7e-m/nofp\libg.a(lib_a-memset.o)
 .ARM.attributes
                0x000004f7       0x2e f:/102021~1.10/bin/../lib/gcc/arm-none-eabi/10.3.1/../../../../arm-none-eabi/lib/thumb/v7e-m/nofp\libg.a(lib_a-signal.o)
 .ARM.attributes
                0x00000525       0x2e f:/102021~1.10/bin/../lib/gcc/arm-none-eabi/10.3.1/../../../../arm-none-eabi/lib/thumb/v7e-m/nofp\libg.a(lib_a-signalr.o)
 .ARM.attributes
                0x00000553       0x1c f:/102021~1.10/bin/../lib/gcc/arm-none-eabi/10.3.1/../../../../arm-none-eabi/lib/thumb/v7e-m/nofp\libg.a(lib_a-strcmp.o)
 .ARM.attributes
                0x0000056f       0x2e f:/102021~1.10/bin/../lib/gcc/arm-none-eabi/10.3.1/../../../../arm-none-eabi/lib/thumb/v7e-m/nofp\libg.a(lib_a-strcpy.o)
 .ARM.attributes
                0x0000059d       0x2e f:/102021~1.10/bin/../lib/gcc/arm-none-eabi/10.3.1/../../../../arm-none-eabi/lib/thumb/v7e-m/nofp\libg.a(lib_a-__call_atexit.o)
 .ARM.attributes
                0x000005cb       0x2e f:/102021~1.10/bin/../lib/gcc/arm-none-eabi/10.3.1/../../../../arm-none-eabi/lib/thumb/v7e-m/nofp\libg.a(lib_a-atexit.o)
 .ARM.attributes
                0x000005f9       0x2e f:/102021~1.10/bin/../lib/gcc/arm-none-eabi/10.3.1/../../../../arm-none-eabi/lib/thumb/v7e-m/nofp\libg.a(lib_a-fini.o)
 .ARM.attributes
                0x00000627       0x2e f:/102021~1.10/bin/../lib/gcc/arm-none-eabi/10.3.1/../../../../arm-none-eabi/lib/thumb/v7e-m/nofp\libg.a(lib_a-lock.o)
 .ARM.attributes
                0x00000655       0x2e f:/102021~1.10/bin/../lib/gcc/arm-none-eabi/10.3.1/../../../../arm-none-eabi/lib/thumb/v7e-m/nofp\libg.a(lib_a-reent.o)
 .ARM.attributes
                0x00000683       0x2e f:/102021~1.10/bin/../lib/gcc/arm-none-eabi/10.3.1/../../../../arm-none-eabi/lib/thumb/v7e-m/nofp\libg.a(lib_a-__atexit.o)
 .ARM.attributes
                0x000006b1       0x1e f:/102021~1.10/bin/../lib/gcc/arm-none-eabi/10.3.1/thumb/v7e-m/nofp/crtn.o
OUTPUT(Blinke.elf elf32-littlearm)
LOAD linker stubs
LOAD f:/102021~1.10/bin/../lib/gcc/arm-none-eabi/10.3.1/../../../../arm-none-eabi/lib/thumb/v7e-m/nofp\libc.a
LOAD f:/102021~1.10/bin/../lib/gcc/arm-none-eabi/10.3.1/../../../../arm-none-eabi/lib/thumb/v7e-m/nofp\libm.a
LOAD f:/102021~1.10/bin/../lib/gcc/arm-none-eabi/10.3.1/thumb/v7e-m/nofp\libgcc.a

.debug_info     0x00000000     0xb55e
 .debug_info    0x00000000      0xab2 CMakeFiles/Blinke.elf.dir/Core/APP/Myfdcan.cpp.obj
 .debug_info    0x00000ab2      0xaa6 CMakeFiles/Blinke.elf.dir/Core/APP/Mymain.cpp.obj
 .debug_info    0x00001558      0x3b5 CMakeFiles/Blinke.elf.dir/Core/APP/led.cpp.obj
 .debug_info    0x0000190d     0x1265 CMakeFiles/Blinke.elf.dir/Core/Src/fdcan.c.obj
 .debug_info    0x00002b72      0x529 CMakeFiles/Blinke.elf.dir/Core/Src/gpio.c.obj
 .debug_info    0x0000309b      0x3b1 CMakeFiles/Blinke.elf.dir/Core/Src/main.c.obj
 .debug_info    0x0000344c      0x345 CMakeFiles/Blinke.elf.dir/Core/Src/stm32g4xx_hal_msp.c.obj
 .debug_info    0x00003791      0x72b CMakeFiles/Blinke.elf.dir/Core/Src/stm32g4xx_it.c.obj
 .debug_info    0x00003ebc      0x7af CMakeFiles/Blinke.elf.dir/Core/Src/syscalls.c.obj
 .debug_info    0x0000466b      0x3f9 CMakeFiles/Blinke.elf.dir/Core/Src/system_stm32g4xx.c.obj
 .debug_info    0x00004a64       0x22 CMakeFiles/Blinke.elf.dir/Core/Startup/startup_stm32g474vetx.s.obj
 .debug_info    0x00004a86      0xc2d CMakeFiles/Blinke.elf.dir/Drivers/STM32G4xx_HAL_Driver/Src/stm32g4xx_hal.c.obj
 .debug_info    0x000056b3     0x10fb CMakeFiles/Blinke.elf.dir/Drivers/STM32G4xx_HAL_Driver/Src/stm32g4xx_hal_cortex.c.obj
 .debug_info    0x000067ae     0x1d11 CMakeFiles/Blinke.elf.dir/Drivers/STM32G4xx_HAL_Driver/Src/stm32g4xx_hal_fdcan.c.obj
 .debug_info    0x000084bf      0x865 CMakeFiles/Blinke.elf.dir/Drivers/STM32G4xx_HAL_Driver/Src/stm32g4xx_hal_gpio.c.obj
 .debug_info    0x00008d24      0xa07 CMakeFiles/Blinke.elf.dir/Drivers/STM32G4xx_HAL_Driver/Src/stm32g4xx_hal_pwr_ex.c.obj
 .debug_info    0x0000972b      0xefa CMakeFiles/Blinke.elf.dir/Drivers/STM32G4xx_HAL_Driver/Src/stm32g4xx_hal_rcc.c.obj
 .debug_info    0x0000a625      0xf39 CMakeFiles/Blinke.elf.dir/Drivers/STM32G4xx_HAL_Driver/Src/stm32g4xx_hal_rcc_ex.c.obj

.debug_abbrev   0x00000000     0x2016
 .debug_abbrev  0x00000000      0x224 CMakeFiles/Blinke.elf.dir/Core/APP/Myfdcan.cpp.obj
 .debug_abbrev  0x00000224      0x23f CMakeFiles/Blinke.elf.dir/Core/APP/Mymain.cpp.obj
 .debug_abbrev  0x00000463      0x1d4 CMakeFiles/Blinke.elf.dir/Core/APP/led.cpp.obj
 .debug_abbrev  0x00000637      0x206 CMakeFiles/Blinke.elf.dir/Core/Src/fdcan.c.obj
 .debug_abbrev  0x0000083d      0x14e CMakeFiles/Blinke.elf.dir/Core/Src/gpio.c.obj
 .debug_abbrev  0x0000098b      0x153 CMakeFiles/Blinke.elf.dir/Core/Src/main.c.obj
 .debug_abbrev  0x00000ade       0xd6 CMakeFiles/Blinke.elf.dir/Core/Src/stm32g4xx_hal_msp.c.obj
 .debug_abbrev  0x00000bb4      0x15a CMakeFiles/Blinke.elf.dir/Core/Src/stm32g4xx_it.c.obj
 .debug_abbrev  0x00000d0e      0x1a3 CMakeFiles/Blinke.elf.dir/Core/Src/syscalls.c.obj
 .debug_abbrev  0x00000eb1      0x119 CMakeFiles/Blinke.elf.dir/Core/Src/system_stm32g4xx.c.obj
 .debug_abbrev  0x00000fca       0x12 CMakeFiles/Blinke.elf.dir/Core/Startup/startup_stm32g474vetx.s.obj
 .debug_abbrev  0x00000fdc      0x23e CMakeFiles/Blinke.elf.dir/Drivers/STM32G4xx_HAL_Driver/Src/stm32g4xx_hal.c.obj
 .debug_abbrev  0x0000121a      0x361 CMakeFiles/Blinke.elf.dir/Drivers/STM32G4xx_HAL_Driver/Src/stm32g4xx_hal_cortex.c.obj
 .debug_abbrev  0x0000157b      0x1be CMakeFiles/Blinke.elf.dir/Drivers/STM32G4xx_HAL_Driver/Src/stm32g4xx_hal_fdcan.c.obj
 .debug_abbrev  0x00001739      0x1e6 CMakeFiles/Blinke.elf.dir/Drivers/STM32G4xx_HAL_Driver/Src/stm32g4xx_hal_gpio.c.obj
 .debug_abbrev  0x0000191f      0x245 CMakeFiles/Blinke.elf.dir/Drivers/STM32G4xx_HAL_Driver/Src/stm32g4xx_hal_pwr_ex.c.obj
 .debug_abbrev  0x00001b64      0x26f CMakeFiles/Blinke.elf.dir/Drivers/STM32G4xx_HAL_Driver/Src/stm32g4xx_hal_rcc.c.obj
 .debug_abbrev  0x00001dd3      0x243 CMakeFiles/Blinke.elf.dir/Drivers/STM32G4xx_HAL_Driver/Src/stm32g4xx_hal_rcc_ex.c.obj

.debug_loc      0x00000000     0x5326
 .debug_loc     0x00000000      0x1de CMakeFiles/Blinke.elf.dir/Core/APP/Myfdcan.cpp.obj
 .debug_loc     0x000001de       0x84 CMakeFiles/Blinke.elf.dir/Core/APP/Mymain.cpp.obj
 .debug_loc     0x00000262       0xb3 CMakeFiles/Blinke.elf.dir/Core/APP/led.cpp.obj
 .debug_loc     0x00000315      0x112 CMakeFiles/Blinke.elf.dir/Core/Src/fdcan.c.obj
 .debug_loc     0x00000427      0x3c5 CMakeFiles/Blinke.elf.dir/Core/Src/syscalls.c.obj
 .debug_loc     0x000007ec       0x9d CMakeFiles/Blinke.elf.dir/Core/Src/system_stm32g4xx.c.obj
 .debug_loc     0x00000889      0x1ef CMakeFiles/Blinke.elf.dir/Drivers/STM32G4xx_HAL_Driver/Src/stm32g4xx_hal.c.obj
 .debug_loc     0x00000a78      0x736 CMakeFiles/Blinke.elf.dir/Drivers/STM32G4xx_HAL_Driver/Src/stm32g4xx_hal_cortex.c.obj
 .debug_loc     0x000011ae     0x1632 CMakeFiles/Blinke.elf.dir/Drivers/STM32G4xx_HAL_Driver/Src/stm32g4xx_hal_fdcan.c.obj
 .debug_loc     0x000027e0      0x3b3 CMakeFiles/Blinke.elf.dir/Drivers/STM32G4xx_HAL_Driver/Src/stm32g4xx_hal_gpio.c.obj
 .debug_loc     0x00002b93      0xa23 CMakeFiles/Blinke.elf.dir/Drivers/STM32G4xx_HAL_Driver/Src/stm32g4xx_hal_pwr_ex.c.obj
 .debug_loc     0x000035b6      0x84d CMakeFiles/Blinke.elf.dir/Drivers/STM32G4xx_HAL_Driver/Src/stm32g4xx_hal_rcc.c.obj
 .debug_loc     0x00003e03     0x1523 CMakeFiles/Blinke.elf.dir/Drivers/STM32G4xx_HAL_Driver/Src/stm32g4xx_hal_rcc_ex.c.obj

.debug_aranges  0x00000000      0x990
 .debug_aranges
                0x00000000       0x40 CMakeFiles/Blinke.elf.dir/Core/APP/Myfdcan.cpp.obj
 .debug_aranges
                0x00000040       0x30 CMakeFiles/Blinke.elf.dir/Core/APP/Mymain.cpp.obj
 .debug_aranges
                0x00000070       0x28 CMakeFiles/Blinke.elf.dir/Core/APP/led.cpp.obj
 .debug_aranges
                0x00000098       0x40 CMakeFiles/Blinke.elf.dir/Core/Src/fdcan.c.obj
 .debug_aranges
                0x000000d8       0x20 CMakeFiles/Blinke.elf.dir/Core/Src/gpio.c.obj
 .debug_aranges
                0x000000f8       0x30 CMakeFiles/Blinke.elf.dir/Core/Src/main.c.obj
 .debug_aranges
                0x00000128       0x20 CMakeFiles/Blinke.elf.dir/Core/Src/stm32g4xx_hal_msp.c.obj
 .debug_aranges
                0x00000148       0x90 CMakeFiles/Blinke.elf.dir/Core/Src/stm32g4xx_it.c.obj
 .debug_aranges
                0x000001d8       0xa8 CMakeFiles/Blinke.elf.dir/Core/Src/syscalls.c.obj
 .debug_aranges
                0x00000280       0x28 CMakeFiles/Blinke.elf.dir/Core/Src/system_stm32g4xx.c.obj
 .debug_aranges
                0x000002a8       0x28 CMakeFiles/Blinke.elf.dir/Core/Startup/startup_stm32g474vetx.s.obj
 .debug_aranges
                0x000002d0      0x130 CMakeFiles/Blinke.elf.dir/Drivers/STM32G4xx_HAL_Driver/Src/stm32g4xx_hal.c.obj
 .debug_aranges
                0x00000400       0xa8 CMakeFiles/Blinke.elf.dir/Drivers/STM32G4xx_HAL_Driver/Src/stm32g4xx_hal_cortex.c.obj
 .debug_aranges
                0x000004a8      0x208 CMakeFiles/Blinke.elf.dir/Drivers/STM32G4xx_HAL_Driver/Src/stm32g4xx_hal_fdcan.c.obj
 .debug_aranges
                0x000006b0       0x58 CMakeFiles/Blinke.elf.dir/Drivers/STM32G4xx_HAL_Driver/Src/stm32g4xx_hal_gpio.c.obj
 .debug_aranges
                0x00000708      0x140 CMakeFiles/Blinke.elf.dir/Drivers/STM32G4xx_HAL_Driver/Src/stm32g4xx_hal_pwr_ex.c.obj
 .debug_aranges
                0x00000848       0x98 CMakeFiles/Blinke.elf.dir/Drivers/STM32G4xx_HAL_Driver/Src/stm32g4xx_hal_rcc.c.obj
 .debug_aranges
                0x000008e0       0xb0 CMakeFiles/Blinke.elf.dir/Drivers/STM32G4xx_HAL_Driver/Src/stm32g4xx_hal_rcc_ex.c.obj

.debug_ranges   0x00000000      0x908
 .debug_ranges  0x00000000       0x30 CMakeFiles/Blinke.elf.dir/Core/APP/Myfdcan.cpp.obj
 .debug_ranges  0x00000030       0x20 CMakeFiles/Blinke.elf.dir/Core/APP/Mymain.cpp.obj
 .debug_ranges  0x00000050       0x18 CMakeFiles/Blinke.elf.dir/Core/APP/led.cpp.obj
 .debug_ranges  0x00000068       0x30 CMakeFiles/Blinke.elf.dir/Core/Src/fdcan.c.obj
 .debug_ranges  0x00000098       0x10 CMakeFiles/Blinke.elf.dir/Core/Src/gpio.c.obj
 .debug_ranges  0x000000a8       0x20 CMakeFiles/Blinke.elf.dir/Core/Src/main.c.obj
 .debug_ranges  0x000000c8       0x10 CMakeFiles/Blinke.elf.dir/Core/Src/stm32g4xx_hal_msp.c.obj
 .debug_ranges  0x000000d8       0x80 CMakeFiles/Blinke.elf.dir/Core/Src/stm32g4xx_it.c.obj
 .debug_ranges  0x00000158       0x98 CMakeFiles/Blinke.elf.dir/Core/Src/syscalls.c.obj
 .debug_ranges  0x000001f0       0x18 CMakeFiles/Blinke.elf.dir/Core/Src/system_stm32g4xx.c.obj
 .debug_ranges  0x00000208       0x20 CMakeFiles/Blinke.elf.dir/Core/Startup/startup_stm32g474vetx.s.obj
 .debug_ranges  0x00000228      0x120 CMakeFiles/Blinke.elf.dir/Drivers/STM32G4xx_HAL_Driver/Src/stm32g4xx_hal.c.obj
 .debug_ranges  0x00000348       0xf8 CMakeFiles/Blinke.elf.dir/Drivers/STM32G4xx_HAL_Driver/Src/stm32g4xx_hal_cortex.c.obj
 .debug_ranges  0x00000440      0x1f8 CMakeFiles/Blinke.elf.dir/Drivers/STM32G4xx_HAL_Driver/Src/stm32g4xx_hal_fdcan.c.obj
 .debug_ranges  0x00000638       0x48 CMakeFiles/Blinke.elf.dir/Drivers/STM32G4xx_HAL_Driver/Src/stm32g4xx_hal_gpio.c.obj
 .debug_ranges  0x00000680      0x130 CMakeFiles/Blinke.elf.dir/Drivers/STM32G4xx_HAL_Driver/Src/stm32g4xx_hal_pwr_ex.c.obj
 .debug_ranges  0x000007b0       0xa0 CMakeFiles/Blinke.elf.dir/Drivers/STM32G4xx_HAL_Driver/Src/stm32g4xx_hal_rcc.c.obj
 .debug_ranges  0x00000850       0xb8 CMakeFiles/Blinke.elf.dir/Drivers/STM32G4xx_HAL_Driver/Src/stm32g4xx_hal_rcc_ex.c.obj

.debug_line     0x00000000     0x7bac
 .debug_line    0x00000000      0x2f5 CMakeFiles/Blinke.elf.dir/Core/APP/Myfdcan.cpp.obj
 .debug_line    0x000002f5      0x328 CMakeFiles/Blinke.elf.dir/Core/APP/Mymain.cpp.obj
 .debug_line    0x0000061d      0x26a CMakeFiles/Blinke.elf.dir/Core/APP/led.cpp.obj
 .debug_line    0x00000887      0x7bc CMakeFiles/Blinke.elf.dir/Core/Src/fdcan.c.obj
 .debug_line    0x00001043      0x1e9 CMakeFiles/Blinke.elf.dir/Core/Src/gpio.c.obj
 .debug_line    0x0000122c      0x356 CMakeFiles/Blinke.elf.dir/Core/Src/main.c.obj
 .debug_line    0x00001582      0x1be CMakeFiles/Blinke.elf.dir/Core/Src/stm32g4xx_hal_msp.c.obj
 .debug_line    0x00001740      0x36d CMakeFiles/Blinke.elf.dir/Core/Src/stm32g4xx_it.c.obj
 .debug_line    0x00001aad      0x3df CMakeFiles/Blinke.elf.dir/Core/Src/syscalls.c.obj
 .debug_line    0x00001e8c      0x214 CMakeFiles/Blinke.elf.dir/Core/Src/system_stm32g4xx.c.obj
 .debug_line    0x000020a0       0xab CMakeFiles/Blinke.elf.dir/Core/Startup/startup_stm32g474vetx.s.obj
 .debug_line    0x0000214b      0x6ca CMakeFiles/Blinke.elf.dir/Drivers/STM32G4xx_HAL_Driver/Src/stm32g4xx_hal.c.obj
 .debug_line    0x00002815      0x7aa CMakeFiles/Blinke.elf.dir/Drivers/STM32G4xx_HAL_Driver/Src/stm32g4xx_hal_cortex.c.obj
 .debug_line    0x00002fbf     0x1a0d CMakeFiles/Blinke.elf.dir/Drivers/STM32G4xx_HAL_Driver/Src/stm32g4xx_hal_fdcan.c.obj
 .debug_line    0x000049cc      0x6a5 CMakeFiles/Blinke.elf.dir/Drivers/STM32G4xx_HAL_Driver/Src/stm32g4xx_hal_gpio.c.obj
 .debug_line    0x00005071      0xabd CMakeFiles/Blinke.elf.dir/Drivers/STM32G4xx_HAL_Driver/Src/stm32g4xx_hal_pwr_ex.c.obj
 .debug_line    0x00005b2e      0xe06 CMakeFiles/Blinke.elf.dir/Drivers/STM32G4xx_HAL_Driver/Src/stm32g4xx_hal_rcc.c.obj
 .debug_line    0x00006934     0x1278 CMakeFiles/Blinke.elf.dir/Drivers/STM32G4xx_HAL_Driver/Src/stm32g4xx_hal_rcc_ex.c.obj

.debug_str      0x00000000     0x3caf
 .debug_str     0x00000000      0x83a CMakeFiles/Blinke.elf.dir/Core/APP/Myfdcan.cpp.obj
                                0x99f (size before relaxing)
 .debug_str     0x0000083a      0x11e CMakeFiles/Blinke.elf.dir/Core/APP/Mymain.cpp.obj
                                0x88d (size before relaxing)
 .debug_str     0x00000958       0xae CMakeFiles/Blinke.elf.dir/Core/APP/led.cpp.obj
                                0x2b5 (size before relaxing)
 .debug_str     0x00000a06      0xb51 CMakeFiles/Blinke.elf.dir/Core/Src/fdcan.c.obj
                               0x1046 (size before relaxing)
 .debug_str     0x00001557       0x70 CMakeFiles/Blinke.elf.dir/Core/Src/gpio.c.obj
                                0x3fd (size before relaxing)
 .debug_str     0x000015c7      0x1b9 CMakeFiles/Blinke.elf.dir/Core/Src/main.c.obj
                                0x3fa (size before relaxing)
 .debug_str     0x00001780       0x6f CMakeFiles/Blinke.elf.dir/Core/Src/stm32g4xx_hal_msp.c.obj
                                0x36d (size before relaxing)
 .debug_str     0x000017ef      0x172 CMakeFiles/Blinke.elf.dir/Core/Src/stm32g4xx_it.c.obj
                                0x6a2 (size before relaxing)
 .debug_str     0x00001961      0x235 CMakeFiles/Blinke.elf.dir/Core/Src/syscalls.c.obj
                                0x42f (size before relaxing)
 .debug_str     0x00001b96       0xa9 CMakeFiles/Blinke.elf.dir/Core/Src/system_stm32g4xx.c.obj
                                0x3ad (size before relaxing)
 .debug_str     0x00001c3f       0x58 CMakeFiles/Blinke.elf.dir/Core/Startup/startup_stm32g474vetx.s.obj
                                 0x8f (size before relaxing)
 .debug_str     0x00001c97      0x47b CMakeFiles/Blinke.elf.dir/Drivers/STM32G4xx_HAL_Driver/Src/stm32g4xx_hal.c.obj
                                0xe48 (size before relaxing)
 .debug_str     0x00002112      0x4a5 CMakeFiles/Blinke.elf.dir/Drivers/STM32G4xx_HAL_Driver/Src/stm32g4xx_hal_cortex.c.obj
                                0xd97 (size before relaxing)
 .debug_str     0x000025b7      0xa70 CMakeFiles/Blinke.elf.dir/Drivers/STM32G4xx_HAL_Driver/Src/stm32g4xx_hal_fdcan.c.obj
                               0x1251 (size before relaxing)
 .debug_str     0x00003027      0x133 CMakeFiles/Blinke.elf.dir/Drivers/STM32G4xx_HAL_Driver/Src/stm32g4xx_hal_gpio.c.obj
                                0x57a (size before relaxing)
 .debug_str     0x0000315a      0x50d CMakeFiles/Blinke.elf.dir/Drivers/STM32G4xx_HAL_Driver/Src/stm32g4xx_hal_pwr_ex.c.obj
                                0x81c (size before relaxing)
 .debug_str     0x00003667      0x2a0 CMakeFiles/Blinke.elf.dir/Drivers/STM32G4xx_HAL_Driver/Src/stm32g4xx_hal_rcc.c.obj
                                0x88f (size before relaxing)
 .debug_str     0x00003907      0x3a8 CMakeFiles/Blinke.elf.dir/Drivers/STM32G4xx_HAL_Driver/Src/stm32g4xx_hal_rcc_ex.c.obj
                                0xa9f (size before relaxing)

.comment        0x00000000       0x49
 .comment       0x00000000       0x49 CMakeFiles/Blinke.elf.dir/Core/APP/Myfdcan.cpp.obj
                                 0x4a (size before relaxing)
 .comment       0x00000049       0x4a CMakeFiles/Blinke.elf.dir/Core/APP/Mymain.cpp.obj
 .comment       0x00000049       0x4a CMakeFiles/Blinke.elf.dir/Core/APP/led.cpp.obj
 .comment       0x00000049       0x4a CMakeFiles/Blinke.elf.dir/Core/Src/fdcan.c.obj
 .comment       0x00000049       0x4a CMakeFiles/Blinke.elf.dir/Core/Src/gpio.c.obj
 .comment       0x00000049       0x4a CMakeFiles/Blinke.elf.dir/Core/Src/main.c.obj
 .comment       0x00000049       0x4a CMakeFiles/Blinke.elf.dir/Core/Src/stm32g4xx_hal_msp.c.obj
 .comment       0x00000049       0x4a CMakeFiles/Blinke.elf.dir/Core/Src/stm32g4xx_it.c.obj
 .comment       0x00000049       0x4a CMakeFiles/Blinke.elf.dir/Core/Src/syscalls.c.obj
 .comment       0x00000049       0x4a CMakeFiles/Blinke.elf.dir/Core/Src/system_stm32g4xx.c.obj
 .comment       0x00000049       0x4a CMakeFiles/Blinke.elf.dir/Drivers/STM32G4xx_HAL_Driver/Src/stm32g4xx_hal.c.obj
 .comment       0x00000049       0x4a CMakeFiles/Blinke.elf.dir/Drivers/STM32G4xx_HAL_Driver/Src/stm32g4xx_hal_cortex.c.obj
 .comment       0x00000049       0x4a CMakeFiles/Blinke.elf.dir/Drivers/STM32G4xx_HAL_Driver/Src/stm32g4xx_hal_fdcan.c.obj
 .comment       0x00000049       0x4a CMakeFiles/Blinke.elf.dir/Drivers/STM32G4xx_HAL_Driver/Src/stm32g4xx_hal_gpio.c.obj
 .comment       0x00000049       0x4a CMakeFiles/Blinke.elf.dir/Drivers/STM32G4xx_HAL_Driver/Src/stm32g4xx_hal_pwr_ex.c.obj
 .comment       0x00000049       0x4a CMakeFiles/Blinke.elf.dir/Drivers/STM32G4xx_HAL_Driver/Src/stm32g4xx_hal_rcc.c.obj
 .comment       0x00000049       0x4a CMakeFiles/Blinke.elf.dir/Drivers/STM32G4xx_HAL_Driver/Src/stm32g4xx_hal_rcc_ex.c.obj

.debug_frame    0x00000000     0x1c78
 .debug_frame   0x00000000       0x88 CMakeFiles/Blinke.elf.dir/Core/APP/Myfdcan.cpp.obj
 .debug_frame   0x00000088       0x5c CMakeFiles/Blinke.elf.dir/Core/APP/Mymain.cpp.obj
 .debug_frame   0x000000e4       0x40 CMakeFiles/Blinke.elf.dir/Core/APP/led.cpp.obj
 .debug_frame   0x00000124       0x94 CMakeFiles/Blinke.elf.dir/Core/Src/fdcan.c.obj
 .debug_frame   0x000001b8       0x30 CMakeFiles/Blinke.elf.dir/Core/Src/gpio.c.obj
 .debug_frame   0x000001e8       0x58 CMakeFiles/Blinke.elf.dir/Core/Src/main.c.obj
 .debug_frame   0x00000240       0x2c CMakeFiles/Blinke.elf.dir/Core/Src/stm32g4xx_hal_msp.c.obj
 .debug_frame   0x0000026c      0x138 CMakeFiles/Blinke.elf.dir/Core/Src/stm32g4xx_it.c.obj
 .debug_frame   0x000003a4      0x190 CMakeFiles/Blinke.elf.dir/Core/Src/syscalls.c.obj
 .debug_frame   0x00000534       0x30 CMakeFiles/Blinke.elf.dir/Core/Src/system_stm32g4xx.c.obj
 .debug_frame   0x00000564      0x274 CMakeFiles/Blinke.elf.dir/Drivers/STM32G4xx_HAL_Driver/Src/stm32g4xx_hal.c.obj
 .debug_frame   0x000007d8      0x148 CMakeFiles/Blinke.elf.dir/Drivers/STM32G4xx_HAL_Driver/Src/stm32g4xx_hal_cortex.c.obj
 .debug_frame   0x00000920      0x4a0 CMakeFiles/Blinke.elf.dir/Drivers/STM32G4xx_HAL_Driver/Src/stm32g4xx_hal_fdcan.c.obj
 .debug_frame   0x00000dc0       0xd0 CMakeFiles/Blinke.elf.dir/Drivers/STM32G4xx_HAL_Driver/Src/stm32g4xx_hal_gpio.c.obj
 .debug_frame   0x00000e90      0x268 CMakeFiles/Blinke.elf.dir/Drivers/STM32G4xx_HAL_Driver/Src/stm32g4xx_hal_pwr_ex.c.obj
 .debug_frame   0x000010f8      0x198 CMakeFiles/Blinke.elf.dir/Drivers/STM32G4xx_HAL_Driver/Src/stm32g4xx_hal_rcc.c.obj
 .debug_frame   0x00001290      0x1a0 CMakeFiles/Blinke.elf.dir/Drivers/STM32G4xx_HAL_Driver/Src/stm32g4xx_hal_rcc_ex.c.obj
 .debug_frame   0x00001430      0x2d4 f:/102021~1.10/bin/../lib/gcc/arm-none-eabi/10.3.1/thumb/v7e-m/nofp\libgcc.a(unwind-arm.o)
 .debug_frame   0x00001704      0x104 f:/102021~1.10/bin/../lib/gcc/arm-none-eabi/10.3.1/thumb/v7e-m/nofp\libgcc.a(pr-support.o)
 .debug_frame   0x00001808       0x28 f:/102021~1.10/bin/../lib/gcc/arm-none-eabi/10.3.1/../../../../arm-none-eabi/lib/thumb/v7e-m/nofp\libg.a(lib_a-abort.o)
 .debug_frame   0x00001830       0x20 f:/102021~1.10/bin/../lib/gcc/arm-none-eabi/10.3.1/../../../../arm-none-eabi/lib/thumb/v7e-m/nofp\libg.a(lib_a-errno.o)
 .debug_frame   0x00001850       0x2c f:/102021~1.10/bin/../lib/gcc/arm-none-eabi/10.3.1/../../../../arm-none-eabi/lib/thumb/v7e-m/nofp\libg.a(lib_a-init.o)
 .debug_frame   0x0000187c       0x2c f:/102021~1.10/bin/../lib/gcc/arm-none-eabi/10.3.1/../../../../arm-none-eabi/lib/thumb/v7e-m/nofp\libg.a(lib_a-memset.o)
 .debug_frame   0x000018a8      0x114 f:/102021~1.10/bin/../lib/gcc/arm-none-eabi/10.3.1/../../../../arm-none-eabi/lib/thumb/v7e-m/nofp\libg.a(lib_a-signal.o)
 .debug_frame   0x000019bc       0x3c f:/102021~1.10/bin/../lib/gcc/arm-none-eabi/10.3.1/../../../../arm-none-eabi/lib/thumb/v7e-m/nofp\libg.a(lib_a-signalr.o)
 .debug_frame   0x000019f8       0x68 f:/102021~1.10/bin/../lib/gcc/arm-none-eabi/10.3.1/../../../../arm-none-eabi/lib/thumb/v7e-m/nofp\libg.a(lib_a-strcmp.o)
 .debug_frame   0x00001a60       0x20 f:/102021~1.10/bin/../lib/gcc/arm-none-eabi/10.3.1/../../../../arm-none-eabi/lib/thumb/v7e-m/nofp\libg.a(lib_a-strcpy.o)
 .debug_frame   0x00001a80       0x5c f:/102021~1.10/bin/../lib/gcc/arm-none-eabi/10.3.1/../../../../arm-none-eabi/lib/thumb/v7e-m/nofp\libg.a(lib_a-__call_atexit.o)
 .debug_frame   0x00001adc       0x20 f:/102021~1.10/bin/../lib/gcc/arm-none-eabi/10.3.1/../../../../arm-none-eabi/lib/thumb/v7e-m/nofp\libg.a(lib_a-atexit.o)
 .debug_frame   0x00001afc       0x34 f:/102021~1.10/bin/../lib/gcc/arm-none-eabi/10.3.1/../../../../arm-none-eabi/lib/thumb/v7e-m/nofp\libg.a(lib_a-fini.o)
 .debug_frame   0x00001b30       0xb0 f:/102021~1.10/bin/../lib/gcc/arm-none-eabi/10.3.1/../../../../arm-none-eabi/lib/thumb/v7e-m/nofp\libg.a(lib_a-lock.o)
 .debug_frame   0x00001be0       0x64 f:/102021~1.10/bin/../lib/gcc/arm-none-eabi/10.3.1/../../../../arm-none-eabi/lib/thumb/v7e-m/nofp\libg.a(lib_a-reent.o)
 .debug_frame   0x00001c44       0x34 f:/102021~1.10/bin/../lib/gcc/arm-none-eabi/10.3.1/../../../../arm-none-eabi/lib/thumb/v7e-m/nofp\libg.a(lib_a-__atexit.o)
